amrex-pinned.bundle: OK
benchmark_c10_reference.py: OK
bmx-product.bundle: OK
IDENTITY.json: OK
INDEPENDENT_NUMERICAL_REVIEW_V2.json: OK
P12_48H_GRID_TIME_V1_EXACT.json: OK
qualify_c10.sh: OK
warning: remote HEAD refers to nonexistent ref, unable to checkout
Note: switching to 'cbdc6580ee3d78cccdd37172e4ba077ee181f483'.

You are in 'detached HEAD' state. You can look around, make experimental
changes and commit them, and you can discard any commits you make in this
state without impacting any branches by switching back to a branch.

If you want to create a new branch to retain commits you create, you may
do so (now or later) by using -c with the switch command. Example:

  git switch -c <new-branch-name>

Or undo this operation with:

  git switch -

Turn off this advice by setting config variable advice.detachedHead to false

platform      : native Linux / Ubuntu 24.04.4 LTS / kernel 6.17.0-1021-gcp
class         : reference-capable
compiler      : g++ (Ubuntu 13.3.0-6ubuntu2~24.04.1) 13.3.0
cmake         : cmake version 3.28.3
mpi           : g++ -I/usr/lib/x86_64-linux-gnu/openmpi/include -I/usr/lib/x86_64-linux-gnu/openmpi/include/openmpi -L/usr/lib/x86_64-linux-gnu/openmpi/lib -lmpi_cxx -lmpi
generator     : Ninja
nproc         : 8
platform      : native Linux / Ubuntu 24.04.4 LTS / kernel 6.17.0-1021-gcp
class         : reference-capable
compiler      : g++ (Ubuntu 13.3.0-6ubuntu2~24.04.1) 13.3.0
cmake         : cmake version 3.28.3
mpi           : g++ -I/usr/lib/x86_64-linux-gnu/openmpi/include -I/usr/lib/x86_64-linux-gnu/openmpi/include/openmpi -L/usr/lib/x86_64-linux-gnu/openmpi/lib -lmpi_cxx -lmpi
generator     : Ninja
nproc         : 8

source : /home/jherrera2007/c10-work/product
build  : /home/jherrera2007/c10-work/build

-- The C compiler identification is GNU 13.3.0
-- The CXX compiler identification is GNU 13.3.0
-- Detecting C compiler ABI info
-- Detecting C compiler ABI info - done
-- Check for working C compiler: /usr/bin/gcc - skipped
-- Detecting C compile features
-- Detecting C compile features - done
-- Detecting CXX compiler ABI info
-- Detecting CXX compiler ABI info - done
-- Check for working CXX compiler: /usr/bin/g++ - skipped
-- Detecting CXX compile features
-- Detecting CXX compile features - done
-- Build type set by user to 'Release'.
-- No AMReX installation found: cloning AMReX repo
-- CMake version: 3.28.3
-- AMReX installation directory: /usr/local
-- Build type set by user to 'Release'.
-- Building AMReX with AMReX_SPACEDIM = 3
-- Configuring AMReX with the following options enabled: 
--    AMReX_PRECISION = DOUBLE
--    AMReX_MPI
--    AMReX_AMRLEVEL
--    AMReX_EB
--    AMReX_LINEAR_SOLVERS
--    AMReX_PARTICLES
--    AMReX_PARTICLES_PRECISION = DOUBLE
--    AMReX_PROBINIT
-- Performing Test CMAKE_HAVE_LIBC_PTHREAD
-- Performing Test CMAKE_HAVE_LIBC_PTHREAD - Success
-- Found Threads: TRUE  
-- Found MPI_C: /usr/lib/x86_64-linux-gnu/openmpi/lib/libmpi.so (found version "3.1") 
-- Found MPI_CXX: /usr/lib/x86_64-linux-gnu/openmpi/lib/libmpi_cxx.so (found version "3.1") 
-- Found MPI: TRUE (found version "3.1") found components: C CXX 
-- AMReX configuration summary: 
--    Build type               = Release
--    Install directory        = /usr/local
--    C++ compiler             = /usr/bin/g++
--    C++ defines              = 
--    C++ flags                = -O2 -DNDEBUG  -w 
--    C++ include paths        = -I/home/jherrera2007/c10-work/product/subprojects/amrex/Src/Base -I/home/jherrera2007/c10-work/product/subprojects/amrex/Src/Base/Parser -I/home/jherrera2007/c10-work/product/subprojects/amrex/Src/Boundary -I/home/jherrera2007/c10-work/product/subprojects/amrex/Src/AmrCore -I/home/jherrera2007/c10-work/product/subprojects/amrex/Src/Amr -I/home/jherrera2007/c10-work/product/subprojects/amrex/Src/EB -I/home/jherrera2007/c10-work/product/subprojects/amrex/Src/LinearSolvers/MLMG -I/home/jherrera2007/c10-work/product/subprojects/amrex/Src/Particle -I/usr/lib/x86_64-linux-gnu/openmpi/include -I/usr/lib/x86_64-linux-gnu/openmpi/include/openmpi
--    Link line                = /usr/lib/x86_64-linux-gnu/openmpi/lib/libmpi.so /usr/lib/x86_64-linux-gnu/openmpi/lib/libmpi_cxx.so
-- BMX  branch: (HEAD detached at 0f38760)
-- BMX  commit: 0f38760b4daba3acbfd4b658c9ac522523b5c69b
-- BMX provenance: 0f38760b4daba3acbfd4b658c9ac522523b5c69b (HEAD, clean) -- ordinary checkout
-- Found Git: /usr/bin/git (found version "2.43.0") 
-- BMX configuration summary: 
--   C++ defines           = 
--   C++ compiler          = /usr/bin/g++
--   C++ flags             = -O2 -DNDEBUG  -Werror=return-type
--    BMX includes         = -I/home/jherrera2007/c10-work/product/src -I/home/jherrera2007/c10-work/build/bmx_generated -I/home/jherrera2007/c10-work/product/src/interpolation -I/home/jherrera2007/c10-work/product/src/deposition -I/home/jherrera2007/c10-work/product/src/des -I/home/jherrera2007/c10-work/product/src/diffusion -I/home/jherrera2007/c10-work/product/src/leveldata -I/home/jherrera2007/c10-work/product/src/setup -I/home/jherrera2007/c10-work/product/src/util -I/home/jherrera2007/c10-work/product/src/mods -I/home/jherrera2007/c10-work/product/src/timestepping -I/home/jherrera2007/c10-work/product/src/chemistry -I/home/jherrera2007/c10-work/product/subprojects/amrex/Src/Base -I/home/jherrera2007/c10-work/product/subprojects/amrex/Src/Base/Parser -I/home/jherrera2007/c10-work/product/subprojects/amrex/Src/Boundary -I/home/jherrera2007/c10-work/product/subprojects/amrex/Src/AmrCore -I/home/jherrera2007/c10-work/product/subprojects/amrex/Src/Amr -I/home/jherrera2007/c10-work/product/subprojects/amrex/Src/EB -I/home/jherrera2007/c10-work/product/subprojects/amrex/Src/LinearSolvers/MLMG -I/home/jherrera2007/c10-work/product/subprojects/amrex/Src/Particle -I/home/jherrera2007/c10-work/build/subprojects/amrex -I/home/jherrera2007/c10-work/product/subprojects/amrex/Tools/C_scripts
--    BMX link line        = Threads::Threads MPI::MPI_C MPI::MPI_CXX
-- Configuring done (1.7s)
-- Generating done (0.0s)
-- Build files have been written to: /home/jherrera2007/c10-work/build

extra cmake args: -DBMX_REQUIRE_PROVENANCE=ON
configure OK -> /home/jherrera2007/c10-work/build
platform class: reference-capable
platform      : native Linux / Ubuntu 24.04.4 LTS / kernel 6.17.0-1021-gcp
class         : reference-capable
compiler      : g++ (Ubuntu 13.3.0-6ubuntu2~24.04.1) 13.3.0
cmake         : cmake version 3.28.3
mpi           : g++ -I/usr/lib/x86_64-linux-gnu/openmpi/include -I/usr/lib/x86_64-linux-gnu/openmpi/include/openmpi -L/usr/lib/x86_64-linux-gnu/openmpi/lib -lmpi_cxx -lmpi
generator     : Ninja
nproc         : 8

build  : /home/jherrera2007/c10-work/build
target : bmx
jobs   : 8

[1/203] Building CXX object subprojects/amrex/Src/CMakeFiles/amrex.dir/Base/AMReX_Version.cpp.o
[2/203] Building CXX object subprojects/amrex/Src/CMakeFiles/amrex.dir/Base/AMReX_error_fi.cpp.o
[3/203] Building CXX object subprojects/amrex/Src/CMakeFiles/amrex.dir/Base/AMReX_BlockMutex.cpp.o
[4/203] Building CXX object subprojects/amrex/Src/CMakeFiles/amrex.dir/Base/AMReX_parmparse_fi.cpp.o
[5/203] Building CXX object subprojects/amrex/Src/CMakeFiles/amrex.dir/Base/AMReX_FileSystem.cpp.o
[6/203] Building CXX object subprojects/amrex/Src/CMakeFiles/amrex.dir/Base/AMReX.cpp.o
[7/203] Building CXX object subprojects/amrex/Src/CMakeFiles/amrex.dir/Base/AMReX_Utility.cpp.o
[8/203] Building CXX object subprojects/amrex/Src/CMakeFiles/amrex.dir/Base/AMReX_Random.cpp.o
[9/203] Building CXX object CMakeFiles/bmx.dir/src/main.cpp.o
[10/203] Building CXX object subprojects/amrex/Src/CMakeFiles/amrex.dir/Base/AMReX_ParallelDescriptor.cpp.o
[11/203] Building CXX object subprojects/amrex/Src/CMakeFiles/amrex.dir/Base/AMReX_ParallelContext.cpp.o
[12/203] Building CXX object subprojects/amrex/Src/CMakeFiles/amrex.dir/Base/AMReX_BackgroundThread.cpp.o
[13/203] Building CXX object subprojects/amrex/Src/CMakeFiles/amrex.dir/Base/AMReX_AsyncOut.cpp.o
[14/203] Building CXX object subprojects/amrex/Src/CMakeFiles/amrex.dir/Base/AMReX_BArena.cpp.o
[15/203] Building CXX object subprojects/amrex/Src/CMakeFiles/amrex.dir/Base/AMReX_Arena.cpp.o
[16/203] Building CXX object subprojects/amrex/Src/CMakeFiles/amrex.dir/Base/AMReX_ForkJoin.cpp.o
[17/203] Building CXX object subprojects/amrex/Src/CMakeFiles/amrex.dir/Base/AMReX_PArena.cpp.o
[18/203] Building CXX object subprojects/amrex/Src/CMakeFiles/amrex.dir/Base/AMReX_CArena.cpp.o
[19/203] Building CXX object subprojects/amrex/Src/CMakeFiles/amrex.dir/Base/AMReX_parstream.cpp.o
[20/203] Building CXX object subprojects/amrex/Src/CMakeFiles/amrex.dir/Base/AMReX_FPC.cpp.o
[21/203] Building CXX object subprojects/amrex/Src/CMakeFiles/amrex.dir/Base/AMReX_DistributionMapping.cpp.o
[22/203] Building CXX object subprojects/amrex/Src/CMakeFiles/amrex.dir/Base/AMReX_NFiles.cpp.o
[23/203] Building CXX object subprojects/amrex/Src/CMakeFiles/amrex.dir/Base/AMReX_VectorIO.cpp.o
[24/203] Building CXX object subprojects/amrex/Src/CMakeFiles/amrex.dir/Base/AMReX_ParmParse.cpp.o
[25/203] Building CXX object subprojects/amrex/Src/CMakeFiles/amrex.dir/Base/AMReX_FabConv.cpp.o
[26/203] Building CXX object subprojects/amrex/Src/CMakeFiles/amrex.dir/Base/AMReX_IntConv.cpp.o
[27/203] Building CXX object subprojects/amrex/Src/CMakeFiles/amrex.dir/Base/AMReX_BoxIterator.cpp.o
[28/203] Building CXX object subprojects/amrex/Src/CMakeFiles/amrex.dir/Base/AMReX_IntVect.cpp.o
[29/203] Building CXX object subprojects/amrex/Src/CMakeFiles/amrex.dir/Base/AMReX_IndexType.cpp.o
[30/203] Building CXX object subprojects/amrex/Src/CMakeFiles/amrex.dir/Base/AMReX_Box.cpp.o
[31/203] Building CXX object subprojects/amrex/Src/CMakeFiles/amrex.dir/Base/AMReX_Orientation.cpp.o
[32/203] Building CXX object subprojects/amrex/Src/CMakeFiles/amrex.dir/Base/AMReX_Periodicity.cpp.o
[33/203] Building CXX object subprojects/amrex/Src/CMakeFiles/amrex.dir/Base/AMReX_RealBox.cpp.o
[34/203] Building CXX object subprojects/amrex/Src/CMakeFiles/amrex.dir/Base/AMReX_RealVect.cpp.o
[35/203] Building CXX object subprojects/amrex/Src/CMakeFiles/amrex.dir/Base/AMReX_BoxDomain.cpp.o
[36/203] Building CXX object subprojects/amrex/Src/CMakeFiles/amrex.dir/Base/AMReX_BoxList.cpp.o
[37/203] Building CXX object subprojects/amrex/Src/CMakeFiles/amrex.dir/Base/AMReX_FArrayBox.cpp.o
[38/203] Building CXX object subprojects/amrex/Src/CMakeFiles/amrex.dir/Base/AMReX_VisMF.cpp.o
[39/203] Building CXX object subprojects/amrex/Src/CMakeFiles/amrex.dir/Base/AMReX_IArrayBox.cpp.o
[40/203] Building CXX object subprojects/amrex/Src/CMakeFiles/amrex.dir/Base/AMReX_BaseFab.cpp.o
[41/203] Building CXX object subprojects/amrex/Src/CMakeFiles/amrex.dir/Base/AMReX_MFCopyDescriptor.cpp.o
[42/203] Building CXX object subprojects/amrex/Src/CMakeFiles/amrex.dir/Base/AMReX_CoordSys.cpp.o
[43/203] Building CXX object subprojects/amrex/Src/CMakeFiles/amrex.dir/Base/AMReX_MFIter.cpp.o
[44/203] Building CXX object subprojects/amrex/Src/CMakeFiles/amrex.dir/Base/AMReX_BoxArray.cpp.o
[45/203] Building CXX object subprojects/amrex/Src/CMakeFiles/amrex.dir/Base/AMReX_Geometry.cpp.o
[46/203] Building CXX object subprojects/amrex/Src/CMakeFiles/amrex.dir/Base/AMReX_iMultiFab.cpp.o
[47/203] Building CXX object subprojects/amrex/Src/CMakeFiles/amrex.dir/Base/AMReX_BCRec.cpp.o
[48/203] Building CXX object subprojects/amrex/Src/CMakeFiles/amrex.dir/Base/AMReX_MultiFab.cpp.o
[49/203] Building CXX object subprojects/amrex/Src/CMakeFiles/amrex.dir/Base/AMReX_PhysBCFunct.cpp.o
[50/203] Building CXX object subprojects/amrex/Src/CMakeFiles/amrex.dir/Base/AMReX_BCUtil.cpp.o
[51/203] Building CXX object subprojects/amrex/Src/CMakeFiles/amrex.dir/Base/AMReX_FilND_C.cpp.o
[52/203] Building CXX object subprojects/amrex/Src/CMakeFiles/amrex.dir/Base/AMReX_FilCC_C.cpp.o
[53/203] Building CXX object subprojects/amrex/Src/CMakeFiles/amrex.dir/Base/AMReX_FilFC_C.cpp.o
[54/203] Building CXX object subprojects/amrex/Src/CMakeFiles/amrex.dir/Base/AMReX_GpuControl.cpp.o
[55/203] Building CXX object subprojects/amrex/Src/CMakeFiles/amrex.dir/Base/AMReX_NonLocalBC.cpp.o
[56/203] Building CXX object subprojects/amrex/Src/CMakeFiles/amrex.dir/Base/AMReX_PlotFileDataImpl.cpp.o
[57/203] Building CXX object subprojects/amrex/Src/CMakeFiles/amrex.dir/Base/AMReX_PlotFileUtil.cpp.o
[58/203] Building CXX object subprojects/amrex/Src/CMakeFiles/amrex.dir/Base/AMReX_FabArrayBase.cpp.o
[59/203] Building CXX object subprojects/amrex/Src/CMakeFiles/amrex.dir/Base/AMReX_GpuUtility.cpp.o
[60/203] Building CXX object subprojects/amrex/Src/CMakeFiles/amrex.dir/Base/AMReX_GpuDevice.cpp.o
[61/203] Building CXX object subprojects/amrex/Src/CMakeFiles/amrex.dir/Base/AMReX_MultiFabUtil.cpp.o
[62/203] Building CXX object subprojects/amrex/Src/CMakeFiles/amrex.dir/Base/AMReX_GpuAsyncArray.cpp.o
[63/203] Building CXX object subprojects/amrex/Src/CMakeFiles/amrex.dir/Base/AMReX_GpuElixir.cpp.o
[64/203] Building CXX object subprojects/amrex/Src/CMakeFiles/amrex.dir/Base/AMReX_MemPool.cpp.o
[65/203] Building CXX object subprojects/amrex/Src/CMakeFiles/amrex.dir/Base/Parser/AMReX_Parser.cpp.o
[66/203] Building CXX object subprojects/amrex/Src/CMakeFiles/amrex.dir/Base/Parser/AMReX_Parser_Exe.cpp.o
[67/203] Building CXX object subprojects/amrex/Src/CMakeFiles/amrex.dir/Base/Parser/amrex_parser.lex.cpp.o
[68/203] Building CXX object subprojects/amrex/Src/CMakeFiles/amrex.dir/Base/Parser/amrex_parser.tab.cpp.o
[69/203] Building CXX object subprojects/amrex/Src/CMakeFiles/amrex.dir/Base/AMReX_BLBackTrace.cpp.o
[70/203] Building CXX object subprojects/amrex/Src/CMakeFiles/amrex.dir/Base/Parser/AMReX_Parser_Y.cpp.o
[71/203] Building CXX object subprojects/amrex/Src/CMakeFiles/amrex.dir/Base/Parser/AMReX_IParser.cpp.o
[72/203] Building CXX object subprojects/amrex/Src/CMakeFiles/amrex.dir/Base/AMReX_Machine.cpp.o
[73/203] Building CXX object subprojects/amrex/Src/CMakeFiles/amrex.dir/Base/Parser/AMReX_IParser_Exe.cpp.o
[74/203] Building CXX object subprojects/amrex/Src/CMakeFiles/amrex.dir/Base/Parser/amrex_iparser.lex.cpp.o
[75/203] Building CXX object subprojects/amrex/Src/CMakeFiles/amrex.dir/Base/Parser/amrex_iparser.tab.cpp.o
[76/203] Building CXX object subprojects/amrex/Src/CMakeFiles/amrex.dir/Base/Parser/AMReX_IParser_Y.cpp.o
[77/203] Building CXX object subprojects/amrex/Src/CMakeFiles/amrex.dir/Boundary/AMReX_Mask.cpp.o
[78/203] Building CXX object subprojects/amrex/Src/CMakeFiles/amrex.dir/Boundary/AMReX_LO_BCTYPES.cpp.o
[79/203] Building CXX object subprojects/amrex/Src/CMakeFiles/amrex.dir/Boundary/AMReX_BndryRegister.cpp.o
[80/203] Building CXX object subprojects/amrex/Src/CMakeFiles/amrex.dir/Boundary/AMReX_MultiMask.cpp.o
[81/203] Building CXX object subprojects/amrex/Src/CMakeFiles/amrex.dir/Boundary/AMReX_MacBndry.cpp.o
[82/203] Building CXX object subprojects/amrex/Src/CMakeFiles/amrex.dir/Boundary/AMReX_FabSet.cpp.o
[83/203] Building CXX object subprojects/amrex/Src/CMakeFiles/amrex.dir/Boundary/AMReX_InterpBndryData.cpp.o
[84/203] Building CXX object subprojects/amrex/Src/CMakeFiles/amrex.dir/Boundary/AMReX_BndryData.cpp.o
[85/203] Building CXX object subprojects/amrex/Src/CMakeFiles/amrex.dir/AmrCore/AMReX_Cluster.cpp.o
[86/203] Building CXX object subprojects/amrex/Src/CMakeFiles/amrex.dir/AmrCore/AMReX_InterpBase.cpp.o
[87/203] Building CXX object subprojects/amrex/Src/CMakeFiles/amrex.dir/AmrCore/AMReX_ErrorList.cpp.o
[88/203] Building CXX object subprojects/amrex/Src/CMakeFiles/amrex.dir/AmrCore/AMReX_AmrCore.cpp.o
[89/203] Building CXX object subprojects/amrex/Src/CMakeFiles/amrex.dir/AmrCore/AMReX_FillPatchUtil.cpp.o
[90/203] Building CXX object subprojects/amrex/Src/CMakeFiles/amrex.dir/Boundary/AMReX_YAFluxRegister.cpp.o
[91/203] Building CXX object subprojects/amrex/Src/CMakeFiles/amrex.dir/AmrCore/AMReX_MFInterpolater.cpp.o
[92/203] Building CXX object subprojects/amrex/Src/CMakeFiles/amrex.dir/AmrCore/AMReX_FluxRegister.cpp.o
[93/203] Building CXX object subprojects/amrex/Src/CMakeFiles/amrex.dir/AmrCore/AMReX_Interpolater.cpp.o
[94/203] Building CXX object subprojects/amrex/Src/CMakeFiles/amrex.dir/Amr/AMReX_Derive.cpp.o
[95/203] Building CXX object subprojects/amrex/Src/CMakeFiles/amrex.dir/AmrCore/AMReX_TagBox.cpp.o
[96/203] Building CXX object subprojects/amrex/Src/CMakeFiles/amrex.dir/AmrCore/AMReX_AmrMesh.cpp.o
[97/203] Building CXX object subprojects/amrex/Src/CMakeFiles/amrex.dir/AmrCore/AMReX_InterpFaceRegister.cpp.o
[98/203] Building CXX object subprojects/amrex/Src/CMakeFiles/amrex.dir/Amr/AMReX_StateData.cpp.o
[99/203] Building CXX object subprojects/amrex/Src/CMakeFiles/amrex.dir/EB/AMReX_EBFArrayBox.cpp.o
[100/203] Building CXX object subprojects/amrex/Src/CMakeFiles/amrex.dir/Amr/AMReX_Amr.cpp.o
[101/203] Building CXX object subprojects/amrex/Src/CMakeFiles/amrex.dir/Amr/AMReX_StateDescriptor.cpp.o
[102/203] Building CXX object subprojects/amrex/Src/CMakeFiles/amrex.dir/EB/AMReX_EBFabFactory.cpp.o
[103/203] Building CXX object subprojects/amrex/Src/CMakeFiles/amrex.dir/Amr/AMReX_AuxBoundaryData.cpp.o
[104/203] Building CXX object subprojects/amrex/Src/CMakeFiles/amrex.dir/EB/AMReX_EBCellFlag.cpp.o
[105/203] Building CXX object subprojects/amrex/Src/CMakeFiles/amrex.dir/Amr/AMReX_Extrapolater.cpp.o
[106/203] Building CXX object subprojects/amrex/Src/CMakeFiles/amrex.dir/EB/AMReX_EBInterpolater.cpp.o
[107/203] Building CXX object subprojects/amrex/Src/CMakeFiles/amrex.dir/EB/AMReX_EBDataCollection.cpp.o
[108/203] Building CXX object subprojects/amrex/Src/CMakeFiles/amrex.dir/EB/AMReX_EBMFInterpolater.cpp.o
[109/203] Building CXX object subprojects/amrex/Src/CMakeFiles/amrex.dir/EB/AMReX_MultiCutFab.cpp.o
[110/203] Building CXX object subprojects/amrex/Src/CMakeFiles/amrex.dir/EB/AMReX_EBAmrUtil.cpp.o
[111/203] Building CXX object subprojects/amrex/Src/CMakeFiles/amrex.dir/Amr/AMReX_AmrLevel.cpp.o
[112/203] Building CXX object subprojects/amrex/Src/CMakeFiles/amrex.dir/EB/AMReX_distFcnElement.cpp.o
[113/203] Building CXX object subprojects/amrex/Src/CMakeFiles/amrex.dir/EB/AMReX_algoim.cpp.o
[114/203] Building CXX object subprojects/amrex/Src/CMakeFiles/amrex.dir/EB/AMReX_EB_utils.cpp.o
[115/203] Building CXX object subprojects/amrex/Src/CMakeFiles/amrex.dir/EB/AMReX_EBMultiFabUtil.cpp.o
[116/203] Building CXX object subprojects/amrex/Src/CMakeFiles/amrex.dir/EB/AMReX_EB2_MultiGFab.cpp.o
[117/203] Building CXX object subprojects/amrex/Src/CMakeFiles/amrex.dir/EB/AMReX_EBFluxRegister.cpp.o
[118/203] Building CXX object subprojects/amrex/Src/CMakeFiles/amrex.dir/EB/AMReX_EB2_ND_C.cpp.o
[119/203] Building CXX object subprojects/amrex/Src/CMakeFiles/amrex.dir/EB/AMReX_EB2_3D_C.cpp.o
[120/203] Building CXX object subprojects/amrex/Src/CMakeFiles/amrex.dir/EB/AMReX_WriteEBSurface.cpp.o
[121/203] Building CXX object subprojects/amrex/Src/CMakeFiles/amrex.dir/EB/AMReX_EBToPVD.cpp.o
[122/203] Building CXX object subprojects/amrex/Src/CMakeFiles/amrex.dir/EB/AMReX_EB2_IndexSpace_STL.cpp.o
[123/203] Building CXX object subprojects/amrex/Src/CMakeFiles/amrex.dir/EB/AMReX_EB_STL_utils.cpp.o
[124/203] Building CXX object subprojects/amrex/Src/CMakeFiles/amrex.dir/EB/AMReX_EB2_Level.cpp.o
[125/203] Building CXX object subprojects/amrex/Src/CMakeFiles/amrex.dir/LinearSolvers/MLMG/AMReX_MLMGBndry.cpp.o
[126/203] Building CXX object subprojects/amrex/Src/CMakeFiles/amrex.dir/EB/AMReX_EB2_Level_STL.cpp.o
[127/203] Building CXX object subprojects/amrex/Src/CMakeFiles/amrex.dir/LinearSolvers/MLMG/AMReX_MLCGSolver.cpp.o
[128/203] Building CXX object subprojects/amrex/Src/CMakeFiles/amrex.dir/LinearSolvers/MLMG/AMReX_MLLinOp.cpp.o
[129/203] Building CXX object subprojects/amrex/Src/CMakeFiles/amrex.dir/EB/AMReX_EB2.cpp.o
[130/203] Building CXX object subprojects/amrex/Src/CMakeFiles/amrex.dir/LinearSolvers/MLMG/AMReX_MLMG.cpp.o
[131/203] Building CXX object subprojects/amrex/Src/CMakeFiles/amrex.dir/LinearSolvers/MLMG/AMReX_MLCellABecLap.cpp.o
[132/203] Building CXX object subprojects/amrex/Src/CMakeFiles/amrex.dir/LinearSolvers/MLMG/AMReX_MLALaplacian.cpp.o
[133/203] Building CXX object subprojects/amrex/Src/CMakeFiles/amrex.dir/LinearSolvers/MLMG/AMReX_MLABecLaplacian.cpp.o
[134/203] Building CXX object subprojects/amrex/Src/CMakeFiles/amrex.dir/LinearSolvers/MLMG/AMReX_MLNodeLinOp.cpp.o
[135/203] Building CXX object subprojects/amrex/Src/CMakeFiles/amrex.dir/LinearSolvers/MLMG/AMReX_MLCellLinOp.cpp.o
[136/203] Building CXX object subprojects/amrex/Src/CMakeFiles/amrex.dir/LinearSolvers/MLMG/AMReX_MLPoisson.cpp.o
[137/203] Building CXX object subprojects/amrex/Src/CMakeFiles/amrex.dir/LinearSolvers/MLMG/AMReX_MLTensorOp_grad.cpp.o
[138/203] Building CXX object subprojects/amrex/Src/CMakeFiles/amrex.dir/LinearSolvers/MLMG/AMReX_MLNodeTensorLaplacian.cpp.o
[139/203] Building CXX object subprojects/amrex/Src/CMakeFiles/amrex.dir/LinearSolvers/MLMG/AMReX_MLNodeLaplacian_eb.cpp.o
[140/203] Building CXX object subprojects/amrex/Src/CMakeFiles/amrex.dir/LinearSolvers/MLMG/AMReX_MLNodeLaplacian.cpp.o
[141/203] Building CXX object subprojects/amrex/Src/CMakeFiles/amrex.dir/LinearSolvers/MLMG/AMReX_MLNodeLaplacian_sten.cpp.o
[142/203] Building CXX object subprojects/amrex/Src/CMakeFiles/amrex.dir/LinearSolvers/MLMG/AMReX_MLEBNodeFDLaplacian.cpp.o
[143/203] Building CXX object subprojects/amrex/Src/CMakeFiles/amrex.dir/LinearSolvers/MLMG/AMReX_MLNodeLaplacian_misc.cpp.o
[144/203] Building CXX object subprojects/amrex/Src/CMakeFiles/amrex.dir/Particle/AMReX_ParticleMPIUtil.cpp.o
[145/203] Building CXX object subprojects/amrex/Src/CMakeFiles/amrex.dir/LinearSolvers/MLMG/AMReX_MLNodeLaplacian_sync.cpp.o
[146/203] Building CXX object subprojects/amrex/Src/CMakeFiles/amrex.dir/LinearSolvers/MLMG/AMReX_MLTensorOp.cpp.o
[147/203] Building CXX object subprojects/amrex/Src/CMakeFiles/amrex.dir/Particle/AMReX_ParticleUtil.cpp.o
[148/203] Building CXX object subprojects/amrex/Src/CMakeFiles/amrex.dir/LinearSolvers/MLMG/AMReX_MLEBABecLap.cpp.o
[149/203] Building CXX object subprojects/amrex/Src/CMakeFiles/amrex.dir/LinearSolvers/MLMG/AMReX_MLEBTensorOp.cpp.o
[150/203] Building CXX object subprojects/amrex/Src/CMakeFiles/amrex.dir/Particle/AMReX_TracerParticles.cpp.o
[151/203] Building CXX object subprojects/amrex/Src/CMakeFiles/amrex.dir/Particle/AMReX_ParticleBufferMap.cpp.o
[152/203] Building CXX object subprojects/amrex/Src/CMakeFiles/amrex.dir/Particle/AMReX_ParticleCommunication.cpp.o
[153/203] Building CXX object subprojects/amrex/Src/CMakeFiles/amrex.dir/LinearSolvers/MLMG/AMReX_MLEBABecLap_F.cpp.o
[154/203] Building CXX object src/CMakeFiles/bmxcore.dir/io/bmx_checkpoint_schema.cpp.o
/home/jherrera2007/c10-work/product/src/io/bmx_checkpoint_schema.cpp: In function ‘void {anonymous}::reject(const std::string&)’:
/home/jherrera2007/c10-work/product/src/io/bmx_checkpoint_schema.cpp:27:3: warning: ‘noreturn’ function does return
   27 |   }
      |   ^
In file included from /home/jherrera2007/c10-work/product/src/io/bmx_checkpoint_schema.cpp:11:
/home/jherrera2007/c10-work/product/src/chemistry/bmx_phosphorus_geometry_K.H: In function ‘void BMXPhosphorusGeometry::rejectConfiguration(const std::string&)’:
/home/jherrera2007/c10-work/product/src/chemistry/bmx_phosphorus_geometry_K.H:726:3: warning: ‘noreturn’ function does return
  726 |   }
      |   ^
[155/203] Building CXX object subprojects/amrex/Src/CMakeFiles/amrex.dir/Particle/AMReX_ParticleContainerBase.cpp.o
[156/203] Building CXX object src/CMakeFiles/bmxcore.dir/io/bmx_build_info.cpp.o
[157/203] Building CXX object src/CMakeFiles/bmxcore.dir/io/bmx_io.cpp.o
[158/203] Building CXX object src/CMakeFiles/bmxcore.dir/bmx.cpp.o
[159/203] Building CXX object src/CMakeFiles/bmxcore.dir/deposition/bmx_deposition_bcs.cpp.o
[160/203] Building CXX object src/CMakeFiles/bmxcore.dir/io/bmx_chk.cpp.o
[161/203] Building CXX object src/CMakeFiles/bmxcore.dir/des/bmx_pc_init.cpp.o
[162/203] Building CXX object src/CMakeFiles/bmxcore.dir/des/bmx_pc_phosphorus.cpp.o
[163/203] Building CXX object src/CMakeFiles/bmxcore.dir/des/bmx_pc.cpp.o
[164/203] Building CXX object src/CMakeFiles/bmxcore.dir/io/bmx_plt.cpp.o
[165/203] Building CXX object src/CMakeFiles/bmxcore.dir/io/bmx_restart.cpp.o
In file included from /home/jherrera2007/c10-work/product/src/io/bmx_restart.cpp:19:
/home/jherrera2007/c10-work/product/src/chemistry/bmx_phosphorus_geometry_K.H: In function ‘void BMXPhosphorusGeometry::rejectConfiguration(const std::string&)’:
/home/jherrera2007/c10-work/product/src/chemistry/bmx_phosphorus_geometry_K.H:726:3: warning: ‘noreturn’ function does return
  726 |   }
      |   ^
[166/203] Building CXX object src/CMakeFiles/bmxcore.dir/des/bmx_pc_write.cpp.o
[167/203] Building CXX object subprojects/amrex/Src/CMakeFiles/amrex.dir/LinearSolvers/MLMG/AMReX_MLEBTensorOp_bc.cpp.o
[168/203] Linking CXX static library subprojects/amrex/Src/libamrex.a
[169/203] Building CXX object src/CMakeFiles/bmxcore.dir/des/bmx_calc_volume_fraction.cpp.o
[170/203] Building CXX object src/CMakeFiles/bmxcore.dir/des/bmx_split_particles.cpp.o
[171/203] Building CXX object src/CMakeFiles/bmxcore.dir/diffusion/bmx_define_coeffs_on_faces.cpp.o
In file included from /home/jherrera2007/c10-work/product/src/diffusion/bmx_define_coeffs_on_faces.cpp:9:
/home/jherrera2007/c10-work/product/src/chemistry/bmx_phosphorus_geometry_K.H: In function ‘void BMXPhosphorusGeometry::rejectConfiguration(const std::string&)’:
/home/jherrera2007/c10-work/product/src/chemistry/bmx_phosphorus_geometry_K.H:726:3: warning: ‘noreturn’ function does return
  726 |   }
      |   ^
[172/203] Building CXX object src/CMakeFiles/bmxcore.dir/setup/bmx_calc_cell.cpp.o
[173/203] Building CXX object src/CMakeFiles/bmxcore.dir/diffusion/bmx_diffusion_op.cpp.o
[174/203] Building CXX object src/CMakeFiles/bmxcore.dir/des/bmx_calc_txfr.cpp.o
[175/203] Building CXX object src/CMakeFiles/bmxcore.dir/leveldata/bmx_leveldata.cpp.o
[176/203] Building CXX object src/CMakeFiles/bmxcore.dir/diffusion/bmx_diffuse_chem_species.cpp.o
[177/203] Building CXX object src/CMakeFiles/bmxcore.dir/setup/bmx_calc_fluid_coeffs.cpp.o
[178/203] Building CXX object src/CMakeFiles/bmxcore.dir/setup/bmx_init_fluid.cpp.o
[179/203] Building CXX object src/CMakeFiles/bmxcore.dir/des/bmx_pc_xchng.cpp.o
[180/203] Building CXX object src/CMakeFiles/bmxcore.dir/des/bmx_pc_interaction.cpp.o
In file included from /home/jherrera2007/c10-work/product/src/chemistry/bmx_cell_interaction_K.H:12,
                 from /home/jherrera2007/c10-work/product/src/des/bmx_pc_interaction.cpp:9:
/home/jherrera2007/c10-work/product/src/chemistry/bmx_phosphorus_geometry_K.H: In function ‘void BMXPhosphorusGeometry::rejectConfiguration(const std::string&)’:
/home/jherrera2007/c10-work/product/src/chemistry/bmx_phosphorus_geometry_K.H:726:3: warning: ‘noreturn’ function does return
  726 |   }
      |   ^
[181/203] Building CXX object src/CMakeFiles/bmxcore.dir/setup/bmx_setup_solvers.cpp.o
[182/203] Building CXX object src/CMakeFiles/bmxcore.dir/setup/bmx_arrays.cpp.o
[183/203] Building CXX object src/CMakeFiles/bmxcore.dir/util/bmx_filcc.cpp.o
[184/203] Building CXX object src/CMakeFiles/bmxcore.dir/setup/bmx_init.cpp.o
[185/203] Building CXX object src/CMakeFiles/bmxcore.dir/setup/bmx_set_bc_type.cpp.o
[186/203] Building CXX object src/CMakeFiles/bmxcore.dir/setup/bmx_tagging.cpp.o
[187/203] Building CXX object src/CMakeFiles/bmxcore.dir/des/bmx_pc_fusion.cpp.o
[188/203] Building CXX object src/CMakeFiles/bmxcore.dir/mods/bmx_fluid_parms.cpp.o
[189/203] Building CXX object src/CMakeFiles/bmxcore.dir/mods/bmx_chem_species_parms.cpp.o
[190/203] Building CXX object src/CMakeFiles/bmxcore.dir/mods/bmx_dem_parms.cpp.o
[191/203] Building CXX object src/CMakeFiles/bmxcore.dir/mods/bmx_bc_parms.cpp.o
[192/203] Building CXX object src/CMakeFiles/bmxcore.dir/util/bmx_util.cpp.o
[193/203] Building CXX object src/CMakeFiles/bmxcore.dir/util/bmx_regrid.cpp.o
[194/203] Building CXX object src/CMakeFiles/buildInfobmxcore.dir/__/bmxcore/AMReX_buildInfo.cpp.o
[195/203] Linking CXX static library src/libbuildInfobmxcore.a
[196/203] Building CXX object src/CMakeFiles/bmxcore.dir/util/bmx_set_chem_species_bcs.cpp.o
[197/203] Building CXX object src/CMakeFiles/bmxcore.dir/chemistry/bmx_phosphorus_uptake.cpp.o
In file included from /home/jherrera2007/c10-work/product/src/chemistry/bmx_phosphorus_uptake.cpp:14:
/home/jherrera2007/c10-work/product/src/chemistry/bmx_phosphorus_geometry_K.H: In function ‘void BMXPhosphorusGeometry::rejectConfiguration(const std::string&)’:
/home/jherrera2007/c10-work/product/src/chemistry/bmx_phosphorus_geometry_K.H:726:3: warning: ‘noreturn’ function does return
  726 |   }
      |   ^
[198/203] Building CXX object src/CMakeFiles/bmxcore.dir/chemistry/bmx_chem.cpp.o
[199/203] Building CXX object src/CMakeFiles/bmxcore.dir/util/bmx_fillpatch.cpp.o
[200/203] Building CXX object src/CMakeFiles/bmxcore.dir/timestepping/bmx_evolve.cpp.o
[201/203] Building CXX object src/CMakeFiles/bmxcore.dir/chemistry/bmx_cell_interaction.cpp.o
[202/203] Building CXX object src/CMakeFiles/bmxcore.dir/timestepping/bmx_evolve_fluid.cpp.o
[203/203] Linking CXX executable bmx

build OK in 114 s
executable    : /home/jherrera2007/c10-work/build/bmx
size_bytes    : 4657520
sha256        : 30d9e79289d1c9fe4324aaefe0d3bfb998f650578431fcc4b2e32a4f0dafbe4b
platform      : native Linux / Ubuntu 24.04.4 LTS / kernel 6.17.0-1021-gcp
platform_class: reference-capable
compiler      : g++ (Ubuntu 13.3.0-6ubuntu2~24.04.1) 13.3.0
==============================================================================
 BMX Build Information
==============================================================================
build date:    Aug  2 2026 10:16:11
build machine: Linux bmx-c10v2-qual-20260802 6.17.0-1021-gcp #24~24.04.1-Ubuntu SMP Tue Jul  7 14:58:58 UTC 2026 x86_64
build dir:     /home/jherrera2007/c10-work/build/src
AMReX dir:     /home/jherrera2007/c10-work/product/subprojects/amrex

COMP:          GNU
COMP version:  13.3.0

C++ compiler:  /usr/bin/g++
C++ flags:     -I/home/jherrera2007/c10-work/product/src -I/home/jherrera2007/c10-work/build/bmx_generated -I/home/jherrera2007/c10-work/product/src/interpolation -I/home/jherrera2007/c10-work/product/src/deposition -I/home/jherrera2007/c10-work/product/src/des -I/home/jherrera2007/c10-work/product/src/diffusion -I/home/jherrera2007/c10-work/product/src/leveldata -I/home/jherrera2007/c10-work/product/src/setup -I/home/jherrera2007/c10-work/product/src/util -I/home/jherrera2007/c10-work/product/src/mods -I/home/jherrera2007/c10-work/product/src/timestepping -I/home/jherrera2007/c10-work/product/src/chemistry -I/home/jherrera2007/c10-work/product/subprojects/amrex/Src/Base -I/home/jherrera2007/c10-work/product/subprojects/amrex/Src/Base/Parser -I/home/jherrera2007/c10-work/product/subprojects/amrex/Src/Boundary -I/home/jherrera2007/c10-work/product/subprojects/amrex/Src/AmrCore -I/home/jherrera2007/c10-work/product/subprojects/amrex/Src/Amr -I/home/jherrera2007/c10-work/product/subprojects/amrex/Src/EB -I/home/jherrera2007/c10-work/product/subprojects/amrex/Src/LinearSolvers/MLMG -I/home/jherrera2007/c10-work/product/subprojects/amrex/Src/Particle -I/home/jherrera2007/c10-work/build/subprojects/amrex -O2 -DNDEBUG  -Werror=return-type

Link flags:    
Libraries:     Threads::Threads MPI::MPI_C MPI::MPI_CXX


BMX          provenance:   RESOLVED
BMX          commit:       0f38760b4daba3acbfd4b658c9ac522523b5c69b
BMX          branch:       HEAD
BMX          worktree:     clean
BMX          describe:     0f38760b4dab
BMX          source dir:   /home/jherrera2007/c10-work/product
BMX          git describe: 0f38760b4dab
AMReX        git describe: 22.07


{
  "status": "PASS",
  "checks": {
    "stage_base_exact": true,
    "ownership_scope_clean": true,
    "kernel_frozen": true,
    "contract_hash_exact": true,
    "failed_v1_preregistration_preserved": true,
    "failed_v1_evidence_preserved": true,
    "numerical_v2_hash_exact": true,
    "numerical_v2_review_pending": true,
    "numerical_v2_schedule_exact": true,
    "v2_outcome_runner_fail_closed": true,
    "v2_runner_volume_scaled_schedule": true,
    "v2_runner_no_clipping_gates": true,
    "authority_hash_exact": true,
    "authority_classification_honest": true,
    "p12_only_contract_scope": true,
    "header_contract_binding": true,
    "fixed_network_hash_exact": true,
    "inward_only_michaelis_menten": true,
    "shared_donor_two_pass": true,
    "accepted_only_mesh_debit": true,
    "transient_increment_cleared_before_o10": true,
    "f_and_e_never_activated": true,
    "uptake_only_zero_guards": true,
    "tip_modes_fixed_network_only": true,
    "solver_conservation_guard": true,
    "checkpoint_schema_v5": true,
    "checkpoint_binds_config_and_cumulative": true,
    "run_wide_clipping_diagnostics": true,
    "p12_u01_u04_closed_user_only": true,
    "p12_release_blockers_removed_only": true,
    "no_c11_or_later_source_behavior": true
  },
  "out_of_scope": []
}
{
  "status": "PASS",
  "selected_grid": "L0",
  "selected_dt_s": 1800.0,
  "json_out": "/home/jherrera2007/c10-work/results/P12_V2_GRID_TIME_REFERENCE.json"
}
{
  "status": "PASS",
  "representative_wall_s": 0.9079027719999431,
  "conservative_wall_s": 0.9089595030000055,
  "json_out": "/home/jherrera2007/c10-work/results/REFERENCE_TIMING_AND_PROJECTIONS.json"
}
date_utc=2026-08-02T11:16:21Z
hostname=bmx-c10v2-qual-20260802
kernel=Linux 6.17.0-1021-gcp x86_64 GNU/Linux
distro=Ubuntu 24.04.4 LTS
filesystem=ext4
machine_type=n2-standard-8
cpu_platform=Intel Cascade Lake
zone=us-west1-b
gcc=gcc (Ubuntu 13.3.0-6ubuntu2~24.04.1) 13.3.0
gxx=g++ (Ubuntu 13.3.0-6ubuntu2~24.04.1) 13.3.0
cmake=cmake version 3.28.3
python=Python 3.12.3
mpicxx=g++
mpirun=mpirun (Open MPI) 4.1.6
ninja=1.11.1
git=git version 2.43.0
nproc=8
source_commit=0f38760b4daba3acbfd4b658c9ac522523b5c69b
source_tree=511e3d1ec6ec5148aa0548b6256c85b52a3b68a2
bmx_sha256=30d9e79289d1c9fe4324aaefe0d3bfb998f650578431fcc4b2e32a4f0dafbe4b
extractor_sha256=489c41375ae6ee974f67111f2c99d93af9d5348612a34bc75918496db473bc02
sha256sum: results/P12_V2_GRID_TIME_REFERENCE.json: No such file or directory
results/P12_V2_GRID_TIME_REFERENCE.json: FAILED open or read
sha256sum: results/REFERENCE_TIMING_AND_PROJECTIONS.json: No such file or directory
results/REFERENCE_TIMING_AND_PROJECTIONS.json: FAILED open or read
sha256sum: results/STATIC_REFERENCE.json: No such file or directory
results/STATIC_REFERENCE.json: FAILED open or read
sha256sum: logs/environment.txt: No such file or directory
logs/environment.txt: FAILED open or read
sha256sum: build/CMakeCache.txt: No such file or directory
build/CMakeCache.txt: FAILED open or read
sha256sum: build/bmx: No such file or directory
build/bmx: FAILED open or read
sha256sum: tools/c10_plot_extract: No such file or directory
tools/c10_plot_extract: FAILED open or read
sha256sum: artifacts/C10_REFERENCE_RAW.tar.gz: No such file or directory
artifacts/C10_REFERENCE_RAW.tar.gz: FAILED open or read
sha256sum: artifacts/C10_REFERENCE_EVIDENCE.tar.gz: No such file or directory
artifacts/C10_REFERENCE_EVIDENCE.tar.gz: FAILED open or read
sha256sum: WARNING: 9 listed files could not be read
