==============================================================================
 BMX Build Information
==============================================================================
build date:    Aug  2 2026 10:16:11
build machine: Linux bmx-c10v2-qual-20260802 6.17.0-1021-gcp #24~24.04.1-Ubuntu SMP Tue Jul  7 14:58:58 UTC 2026 x86_64
build dir:     /home/jherrera2007/c10-work/build/src
AMReX dir:     /home/jherrera2007/c10-work/product/subprojects/amrex

COMP:          GNU
COMP version:  13.3.0

C++ compiler:  /usr/bin/g++
C++ flags:     -I/home/jherrera2007/c10-work/product/src -I/home/jherrera2007/c10-work/build/bmx_generated -I/home/jherrera2007/c10-work/product/src/interpolation -I/home/jherrera2007/c10-work/product/src/deposition -I/home/jherrera2007/c10-work/product/src/des -I/home/jherrera2007/c10-work/product/src/diffusion -I/home/jherrera2007/c10-work/product/src/leveldata -I/home/jherrera2007/c10-work/product/src/setup -I/home/jherrera2007/c10-work/product/src/util -I/home/jherrera2007/c10-work/product/src/mods -I/home/jherrera2007/c10-work/product/src/timestepping -I/home/jherrera2007/c10-work/product/src/chemistry -I/home/jherrera2007/c10-work/product/subprojects/amrex/Src/Base -I/home/jherrera2007/c10-work/product/subprojects/amrex/Src/Base/Parser -I/home/jherrera2007/c10-work/product/subprojects/amrex/Src/Boundary -I/home/jherrera2007/c10-work/product/subprojects/amrex/Src/AmrCore -I/home/jherrera2007/c10-work/product/subprojects/amrex/Src/Amr -I/home/jherrera2007/c10-work/product/subprojects/amrex/Src/EB -I/home/jherrera2007/c10-work/product/subprojects/amrex/Src/LinearSolvers/MLMG -I/home/jherrera2007/c10-work/product/subprojects/amrex/Src/Particle -I/home/jherrera2007/c10-work/build/subprojects/amrex -O2 -DNDEBUG  -Werror=return-type

Link flags:    
Libraries:     Threads::Threads MPI::MPI_C MPI::MPI_CXX


BMX          provenance:   RESOLVED
BMX          commit:       0f38760b4daba3acbfd4b658c9ac522523b5c69b
BMX          branch:       HEAD
BMX          worktree:     clean
BMX          describe:     0f38760b4dab
BMX          source dir:   /home/jherrera2007/c10-work/product
BMX          git describe: 0f38760b4dab
AMReX        git describe: 22.07


