{
  "status": "PASS",
  "checks": {
    "stage_base_exact": true,
    "ownership_scope_clean": true,
    "kernel_frozen": true,
    "contract_hash_exact": true,
    "failed_v1_preregistration_preserved": true,
    "failed_v1_evidence_preserved": true,
    "numerical_v2_hash_exact": true,
    "numerical_v2_review_pending": true,
    "numerical_v2_schedule_exact": true,
    "v2_outcome_runner_fail_closed": true,
    "v2_runner_volume_scaled_schedule": true,
    "v2_runner_no_clipping_gates": true,
    "authority_hash_exact": true,
    "authority_classification_honest": true,
    "p12_only_contract_scope": true,
    "header_contract_binding": true,
    "fixed_network_hash_exact": true,
    "inward_only_michaelis_menten": true,
    "shared_donor_two_pass": true,
    "accepted_only_mesh_debit": true,
    "transient_increment_cleared_before_o10": true,
    "f_and_e_never_activated": true,
    "uptake_only_zero_guards": true,
    "tip_modes_fixed_network_only": true,
    "solver_conservation_guard": true,
    "checkpoint_schema_v5": true,
    "checkpoint_binds_config_and_cumulative": true,
    "run_wide_clipping_diagnostics": true,
    "p12_u01_u04_closed_user_only": true,
    "p12_release_blockers_removed_only": true,
    "no_c11_or_later_source_behavior": true
  },
  "out_of_scope": []
}
