logs/build.log: OK
logs/configure.log: OK
logs/driver-attempt1.log: OK
logs/driver-attempt2.log: OK
logs/driver-final.log: OK
logs/environment.txt: OK
logs/extractor-build.log: OK
logs/pre_repack_manifest_verify.log: OK
logs/provenance.log: OK
logs/qualification.log: OK
logs/static.log: OK
logs/timing.log: OK
results/ATTEMPT1_STATIC_FAILURE.json: OK
results/FINAL_ASSERTION.json: OK
results/P12_V2_GRID_TIME_REFERENCE.json: OK
results/REFERENCE_TIMING_AND_PROJECTIONS.json: OK
results/STATIC_REFERENCE.json: OK
build/CMakeCache.txt: OK
build/bmx: OK
tools/c10_plot_extract: OK
artifacts/C10_REFERENCE_RAW.tar.gz: OK
artifacts/C10_REFERENCE_EVIDENCE.tar.gz: OK
